main.c:203:10:HAL_GetTick	4	static
main.c:214:6:SET_SELECTOR	16	static
main.c:230:6:AB_Position_ESP	8	static
main.c:244:6:AB_Position_STM	8	static
main.c:258:6:AB_Position_UPA	8	static
main.c:272:6:Init_Output_Pins	8	static
main.c:308:6:Acionamento	24	static
main.c:359:6:HAL_UART_RxCpltCallback	16	static
main.c:397:6:HAL_UART_TxCpltCallback	16	static
main.c:414:6:TOGGLE_STATUS_PINS	16	static
main.c:429:6:AJUSTAR_DUTY_CYCLE_FR	24	static
main.c:474:6:LEITURA_INPUT_PINS	24	static
main.c:516:6:HAL_TIM_PeriodElapsedCallback	24	static
main.c:549:6:CPU_Handler	32	static
main.c:604:6:ESP_Handler	24	static
main.c:632:6:HAL_GPIO_EXTI_Callback	16	static
main.c:673:6:Multiple_Feedback	40	static
main.c:701:6:PWM_DEFINITION	4	static
main.c:733:6:TOGGLE_PWM_STATUS	8	static
main.c:758:6:inicializar_parametros	152	static
main.c:874:6:atuar_PWMs	4	static
main.c:889:6:show_now	8	static
main.c:901:5:main	8	static
main.c:994:6:SystemClock_Config	96	static
main.c:1043:13:MX_TIM3_Init	48	static
main.c:1096:13:MX_TIM4_Init	48	static
main.c:1145:13:MX_TIM16_Init	8	static
main.c:1177:13:MX_UART4_Init	8	static
main.c:1212:13:MX_USART3_UART_Init	8	static
main.c:1247:13:MX_GPIO_Init	48	static
main.c:1373:6:Error_Handler	4	static,ignoring_inline_asm
